==4==WARNING: reading executable name failed with errno 2, some stack frames may not be symbolized
==4==WARNING: reading executable name failed with errno 2, some stack frames may not be symbolized
=================================================================
==4==ERROR: AddressSanitizer: global-buffer-overflow on address 0x55b48bf9b0b0 at pc 0x55b48bd603c2 bp 0x7ffe048373d0 sp 0x7ffe048373c0
READ of size 4 at 0x55b48bf9b0b0 thread T0
    #0 0x55b48bd603c1  (/proc/self/exe+0x1083c1) (BuildId: 1836ec4151f0301a2985a13e544af13ea37733fc)
    #1 0x55b48bd66836  (/proc/self/exe+0x10e836) (BuildId: 1836ec4151f0301a2985a13e544af13ea37733fc)
    #2 0x55b48bd58a9c  (/proc/self/exe+0x100a9c) (BuildId: 1836ec4151f0301a2985a13e544af13ea37733fc)
    #3 0x55b48bdccf00  (/proc/self/exe+0x174f00) (BuildId: 1836ec4151f0301a2985a13e544af13ea37733fc)
    #4 0x55b48bce77a4  (/proc/self/exe+0x8f7a4) (BuildId: 1836ec4151f0301a2985a13e544af13ea37733fc)
    #5 0x55b48bcd0d00  (/proc/self/exe+0x78d00) (BuildId: 1836ec4151f0301a2985a13e544af13ea37733fc)
    #6 0x55b48bce62b0  (/proc/self/exe+0x8e2b0) (BuildId: 1836ec4151f0301a2985a13e544af13ea37733fc)
    #7 0x55b48bce66f6  (/proc/self/exe+0x8e6f6) (BuildId: 1836ec4151f0301a2985a13e544af13ea37733fc)
    #8 0x55b48bcec89d  (/proc/self/exe+0x9489d) (BuildId: 1836ec4151f0301a2985a13e544af13ea37733fc)
    #9 0x55b48bceccb3  (/proc/self/exe+0x94cb3) (BuildId: 1836ec4151f0301a2985a13e544af13ea37733fc)
    #10 0x55b48bde74ea  (/proc/self/exe+0x18f4ea) (BuildId: 1836ec4151f0301a2985a13e544af13ea37733fc)
    #11 0x7f40164161c9  (/lib/x86_64-linux-gnu/libc.so.6+0x2a1c9) (BuildId: 274eec488d230825a136fa9c4d85370fed7a0a5e)
    #12 0x7f401641628a  (/lib/x86_64-linux-gnu/libc.so.6+0x2a28a) (BuildId: 274eec488d230825a136fa9c4d85370fed7a0a5e)
    #13 0x55b48bccf094  (/proc/self/exe+0x77094) (BuildId: 1836ec4151f0301a2985a13e544af13ea37733fc)

0x55b48bf9b0b0 is located 48 bytes before global variable 'current_menu' defined in 'source/menu/menu.c:44:10' (0x55b48bf9b0e0) of size 16
0x55b48bf9b0b0 is located 0 bytes after global variable 'current_menu_buttons' defined in 'source/menu/menu.c:45:15' (0x55b48bf9ad40) of size 880
SUMMARY: AddressSanitizer: global-buffer-overflow (/proc/self/exe+0x1083c1) (BuildId: 1836ec4151f0301a2985a13e544af13ea37733fc) 
Shadow bytes around the buggy address:
  0x55b48bf9ae00: 00 00 00 00 00 00 00 00 00 00 00 00 00 00 00 00
  0x55b48bf9ae80: 00 00 00 00 00 00 00 00 00 00 00 00 00 00 00 00
  0x55b48bf9af00: 00 00 00 00 00 00 00 00 00 00 00 00 00 00 00 00
  0x55b48bf9af80: 00 00 00 00 00 00 00 00 00 00 00 00 00 00 00 00
  0x55b48bf9b000: 00 00 00 00 00 00 00 00 00 00 00 00 00 00 00 00
=>0x55b48bf9b080: 00 00 00 00 00 00[f9]f9 f9 f9 f9 f9 00 00 f9 f9
  0x55b48bf9b100: f9 f9 f9 f9 00 00 00 00 00 f9 f9 f9 f9 f9 f9 f9
  0x55b48bf9b180: 00 f9 f9 f9 f9 f9 f9 f9 00 f9 f9 f9 f9 f9 f9 f9
  0x55b48bf9b200: 00 f9 f9 f9 f9 f9 f9 f9 00 f9 f9 f9 f9 f9 f9 f9
  0x55b48bf9b280: 00 f9 f9 f9 f9 f9 f9 f9 00 f9 f9 f9 f9 f9 f9 f9
  0x55b48bf9b300: 00 00 00 00 00 f9 f9 f9 f9 f9 f9 f9 04 f9 f9 f9
Shadow byte legend (one shadow byte represents 8 application bytes):
  Addressable:           00
  Partially addressable: 01 02 03 04 05 06 07 
  Heap left redzone:       fa
  Freed heap region:       fd
  Stack left redzone:      f1
  Stack mid redzone:       f2
  Stack right redzone:     f3
  Stack after return:      f5
  Stack use after scope:   f8
  Global redzone:          f9
  Global init order:       f6
  Poisoned by user:        f7
  Container overflow:      fc
  Array cookie:            ac
  Intra object redzone:    bb
  ASan internal:           fe
  Left alloca redzone:     ca
  Right alloca redzone:    cb
==4==ABORTING
